[root@ip-172-31-4-76 my_git_demo]# vi foo
[root@ip-172-31-4-76 my_git_demo]# git status
# On branch master
# Changes not staged for commit:
#   (use "git add <file>..." to update what will be committed)
#   (use "git checkout -- <file>..." to discard changes in working directory)
#
#       modified:   foo
#
# Untracked files:
#   (use "git add <file>..." to include in what will be committed)
#
#       bar
no changes added to commit (use "git add" and/or "git commit -a")
[root@ip-172-31-4-76 my_git_demo]# git add .
[root@ip-172-31-4-76 my_git_demo]# git status
# On branch master
# Changes to be committed:
#   (use "git reset HEAD <file>..." to unstage)
#
#       new file:   bar
#       modified:   foo
#
[root@ip-172-31-4-76 my_git_demo]# git reset .
Unstaged changes after reset:
M       foo
[root@ip-172-31-4-76 my_git_demo]# git status
# On branch master
# Changes not staged for commit:
#   (use "git add <file>..." to update what will be committed)
#   (use "git checkout -- <file>..." to discard changes in working directory)
#
#       modified:   foo
#
# Untracked files:
#   (use "git add <file>..." to include in what will be committed)
#
#       bar
no changes added to commit (use "git add" and/or "git commit -a")
[root@ip-172-31-4-76 my_git_demo]#

